[    6438ms] [INFO] %cDownload the React DevTools for a better development experience: https://react.dev/link/react-devtools font-weight:bold @ http://localhost:5174/node_modules/.vite/deps/react-dom_client.js?v=a6f8a26e:20102
[    6463ms] [ERROR] Failed to load resource: the server responded with a status of 404 (Not Found) @ http://localhost:5174/favicon.ico:0
[    9022ms] [LOG] Auto-play prevented: NotAllowedError: play() failed because the user didn't interact with the document first. https://goo.gl/xX8pDD @ http://localhost:5174/src/components/MusicPlayer.tsx:47
[    9023ms] [LOG] Auto-play prevented: NotAllowedError: play() failed because the user didn't interact with the document first. https://goo.gl/xX8pDD @ http://localhost:5174/src/components/MusicPlayer.tsx:47
[   36379ms] TypeError: Cannot read properties of null (reading 'id')
    at http://localhost:5174/src/components/FloatingScratchCards.tsx:99:41
    at Array.map (<anonymous>)
    at http://localhost:5174/src/components/FloatingScratchCards.tsx:98:22
    at basicStateReducer (http://localhost:5174/node_modules/.vite/deps/react-dom_client.js?v=a6f8a26e:5854:47)
    at updateReducerImpl (http://localhost:5174/node_modules/.vite/deps/react-dom_client.js?v=a6f8a26e:5943:54)
    at updateReducer (http://localhost:5174/node_modules/.vite/deps/react-dom_client.js?v=a6f8a26e:5887:16)
    at Object.useState (http://localhost:5174/node_modules/.vite/deps/react-dom_client.js?v=a6f8a26e:18996:20)
    at exports.useState (http://localhost:5174/node_modules/.vite/deps/chunk-ZKTHASST.js?v=a6f8a26e:959:36)
    at FloatingScratchCards (http://localhost:5174/src/components/FloatingScratchCards.tsx:36:45)
    at Object.react_stack_bottom_frame (http://localhost:5174/node_modules/.vite/deps/react-dom_client.js?v=a6f8a26e:18509:20)
[   36378ms] [WARNING] %s

%s
 An error occurred in the <FloatingScratchCards> component. Consider adding an error boundary to your tree to customize error handling behavior.
Visit https://react.dev/link/error-boundaries to learn more about error boundaries. @ http://localhost:5174/node_modules/.vite/deps/react-dom_client.js?v=a6f8a26e:6965
[   83786ms] [INFO] %cDownload the React DevTools for a better development experience: https://react.dev/link/react-devtools font-weight:bold @ http://localhost:5174/node_modules/.vite/deps/react-dom_client.js?v=a6f8a26e:20102
[   86337ms] [LOG] Auto-play prevented: NotAllowedError: play() failed because the user didn't interact with the document first. https://goo.gl/xX8pDD @ http://localhost:5174/src/components/MusicPlayer.tsx:47
[   86337ms] [LOG] Auto-play prevented: NotAllowedError: play() failed because the user didn't interact with the document first. https://goo.gl/xX8pDD @ http://localhost:5174/src/components/MusicPlayer.tsx:47
[  123653ms] [LOG] [vite] server connection lost. Polling for restart... @ http://localhost:5174/@vite/client:963
[  123653ms] [ERROR] WebSocket connection to 'ws://localhost:5174/' failed: Error in connection establishment: net::ERR_CONNECTION_REFUSED @ http://localhost:5174/@vite/client:1034
[  124656ms] [ERROR] WebSocket connection to 'ws://localhost:5174/' failed: Error in connection establishment: net::ERR_CONNECTION_REFUSED @ http://localhost:5174/@vite/client:1034
[  125659ms] [ERROR] WebSocket connection to 'ws://localhost:5174/' failed: Error in connection establishment: net::ERR_CONNECTION_REFUSED @ http://localhost:5174/@vite/client:1034
[  126660ms] [ERROR] WebSocket connection to 'ws://localhost:5174/' failed: Error in connection establishment: net::ERR_CONNECTION_REFUSED @ http://localhost:5174/@vite/client:1034
[  127661ms] [ERROR] WebSocket connection to 'ws://localhost:5174/' failed: Error in connection establishment: net::ERR_CONNECTION_REFUSED @ http://localhost:5174/@vite/client:1034
[  128663ms] [ERROR] WebSocket connection to 'ws://localhost:5174/' failed: Error in connection establishment: net::ERR_CONNECTION_REFUSED @ http://localhost:5174/@vite/client:1034
